// Jest Snapshot v1, https://goo.gl/fbAQLP

exports['App should match snapshot 1'] = `
<div
  className="greeting"
>
  <img
    alt=""
    src="test-file-stub"
  />
  <h1>
    There you go!!
  </h1>
</div>
`;
